// Jest Snapshot v1, https://goo.gl/fbAQLP

exports[`wallaby-issue-1565 example 1`] = `"<PROJECT_ROOT>/src"`;
